warn: File C:\Users\COIN-\OneDrive\Desktop\projects\workdeal-monorepo\packages\shared\dist\lib\logger.js is not in the project directory and will not be watched
warn: File C:\Users\COIN-\OneDrive\Desktop\projects\workdeal-monorepo\packages\shared\dist\lib\env.js is not in the project directory and will not be watched
warn: File C:\Users\COIN-\OneDrive\Desktop\projects\workdeal-monorepo\packages\auth\dist\index.js is not in the project directory and will not be watched
warn: File C:\Users\COIN-\OneDrive\Desktop\projects\workdeal-monorepo\packages\db\dist\index.js is not in the project directory and will not be watched
warn: File C:\Users\COIN-\OneDrive\Desktop\projects\workdeal-monorepo\packages\shared\dist\lib\rate-limit.js is not in the project directory and will not be watched
warn: File C:\Users\COIN-\OneDrive\Desktop\projects\workdeal-monorepo\packages\auth\dist\env.js is not in the project directory and will not be watched
warn: File C:\Users\COIN-\OneDrive\Desktop\projects\workdeal-monorepo\packages\auth\dist\repository.js is not in the project directory and will not be watched
warn: File C:\Users\COIN-\OneDrive\Desktop\projects\workdeal-monorepo\packages\auth\dist\cookies.js is not in the project directory and will not be watched
warn: File C:\Users\COIN-\OneDrive\Desktop\projects\workdeal-monorepo\packages\auth\dist\session.js is not in the project directory and will not be watched
warn: File C:\Users\COIN-\OneDrive\Desktop\projects\workdeal-monorepo\packages\auth\dist\client.js is not in the project directory and will not be watched
warn: File C:\Users\COIN-\OneDrive\Desktop\projects\workdeal-monorepo\packages\auth\dist\server.js is not in the project directory and will not be watched
warn: File C:\Users\COIN-\OneDrive\Desktop\projects\workdeal-monorepo\packages\shared\dist\lib\company-size.js is not in the project directory and will not be watched
warn: File C:\Users\COIN-\OneDrive\Desktop\projects\workdeal-monorepo\packages\shared\dist\schemas\company.js is not in the project directory and will not be watched
warn: File C:\Users\COIN-\OneDrive\Desktop\projects\workdeal-monorepo\packages\shared\dist\index.js is not in the project directory and will not be watched
warn: File C:\Users\COIN-\OneDrive\Desktop\projects\workdeal-monorepo\packages\db\dist\client.js is not in the project directory and will not be watched
warn: File C:\Users\COIN-\OneDrive\Desktop\projects\workdeal-monorepo\packages\db\dist\schema.js is not in the project directory and will not be watched
warn: File C:\Users\COIN-\OneDrive\Desktop\projects\workdeal-monorepo\packages\shared\dist\types.js is not in the project directory and will not be watched
warn: File C:\Users\COIN-\OneDrive\Desktop\projects\workdeal-monorepo\packages\shared\dist\permissions.js is not in the project directory and will not be watched
warn: File C:\Users\COIN-\OneDrive\Desktop\projects\workdeal-monorepo\packages\shared\dist\schemas\file.js is not in the project directory and will not be watched
warn: File C:\Users\COIN-\OneDrive\Desktop\projects\workdeal-monorepo\packages\shared\dist\lib\contact-verification.js is not in the project directory and will not be watched
warn: File C:\Users\COIN-\OneDrive\Desktop\projects\workdeal-monorepo\packages\shared\dist\lib\geo.js is not in the project directory and will not be watched
warn: File C:\Users\COIN-\OneDrive\Desktop\projects\workdeal-monorepo\packages\shared\dist\schemas\onboarding.js is not in the project directory and will not be watched
warn: File C:\Users\COIN-\OneDrive\Desktop\projects\workdeal-monorepo\packages\shared\dist\schemas\place.js is not in the project directory and will not be watched
warn: File C:\Users\COIN-\OneDrive\Desktop\projects\workdeal-monorepo\packages\shared\dist\schemas\business-hours.js is not in the project directory and will not be watched
warn: File C:\Users\COIN-\OneDrive\Desktop\projects\workdeal-monorepo\packages\shared\dist\schemas\auth.js is not in the project directory and will not be watched
warn: File C:\Users\COIN-\OneDrive\Desktop\projects\workdeal-monorepo\packages\shared\dist\schemas\quote.js is not in the project directory and will not be watched
warn: File C:\Users\COIN-\OneDrive\Desktop\projects\workdeal-monorepo\packages\shared\dist\schemas\tag.js is not in the project directory and will not be watched
warn: File C:\Users\COIN-\OneDrive\Desktop\projects\workdeal-monorepo\packages\shared\dist\schemas\report.js is not in the project directory and will not be watched
warn: File C:\Users\COIN-\OneDrive\Desktop\projects\workdeal-monorepo\packages\shared\dist\schemas\verification.js is not in the project directory and will not be watched
warn: File C:\Users\COIN-\OneDrive\Desktop\projects\workdeal-monorepo\packages\shared\dist\schemas\review.js is not in the project directory and will not be watched
warn: File C:\Users\COIN-\OneDrive\Desktop\projects\workdeal-monorepo\packages\shared\dist\schemas\profile.js is not in the project directory and will not be watched
warn: File C:\Users\COIN-\OneDrive\Desktop\projects\workdeal-monorepo\packages\shared\dist\lib\email-templates.js is not in the project directory and will not be watched
warn: File C:\Users\COIN-\OneDrive\Desktop\projects\workdeal-monorepo\packages\shared\dist\lib\phone.js is not in the project directory and will not be watched
warn: File C:\Users\COIN-\OneDrive\Desktop\projects\workdeal-monorepo\packages\shared\dist\lib\logger.js is not in the project directory and will not be watched
warn: File C:\Users\COIN-\OneDrive\Desktop\projects\workdeal-monorepo\packages\shared\dist\lib\env.js is not in the project directory and will not be watched
warn: File C:\Users\COIN-\OneDrive\Desktop\projects\workdeal-monorepo\packages\auth\dist\index.js is not in the project directory and will not be watched
warn: File C:\Users\COIN-\OneDrive\Desktop\projects\workdeal-monorepo\packages\shared\dist\index.js is not in the project directory and will not be watched
warn: File C:\Users\COIN-\OneDrive\Desktop\projects\workdeal-monorepo\packages\shared\dist\lib\rate-limit.js is not in the project directory and will not be watched
warn: File C:\Users\COIN-\OneDrive\Desktop\projects\workdeal-monorepo\packages\db\dist\index.js is not in the project directory and will not be watched
warn: File C:\Users\COIN-\OneDrive\Desktop\projects\workdeal-monorepo\packages\shared\dist\lib\company-size.js is not in the project directory and will not be watched
warn: File C:\Users\COIN-\OneDrive\Desktop\projects\workdeal-monorepo\packages\shared\dist\schemas\company.js is not in the project directory and will not be watched
warn: File C:\Users\COIN-\OneDrive\Desktop\projects\workdeal-monorepo\packages\db\dist\schema.js is not in the project directory and will not be watched
warn: File C:\Users\COIN-\OneDrive\Desktop\projects\workdeal-monorepo\packages\shared\dist\lib\contact-verification.js is not in the project directory and will not be watched
warn: File C:\Users\COIN-\OneDrive\Desktop\projects\workdeal-monorepo\packages\db\dist\client.js is not in the project directory and will not be watched
warn: File C:\Users\COIN-\OneDrive\Desktop\projects\workdeal-monorepo\packages\auth\dist\env.js is not in the project directory and will not be watched
warn: File C:\Users\COIN-\OneDrive\Desktop\projects\workdeal-monorepo\packages\auth\dist\repository.js is not in the project directory and will not be watched
warn: File C:\Users\COIN-\OneDrive\Desktop\projects\workdeal-monorepo\packages\auth\dist\cookies.js is not in the project directory and will not be watched
warn: File C:\Users\COIN-\OneDrive\Desktop\projects\workdeal-monorepo\packages\auth\dist\session.js is not in the project directory and will not be watched
warn: File C:\Users\COIN-\OneDrive\Desktop\projects\workdeal-monorepo\packages\auth\dist\client.js is not in the project directory and will not be watched
warn: File C:\Users\COIN-\OneDrive\Desktop\projects\workdeal-monorepo\packages\auth\dist\server.js is not in the project directory and will not be watched
warn: File C:\Users\COIN-\OneDrive\Desktop\projects\workdeal-monorepo\packages\shared\dist\lib\geo.js is not in the project directory and will not be watched
warn: File C:\Users\COIN-\OneDrive\Desktop\projects\workdeal-monorepo\packages\shared\dist\schemas\onboarding.js is not in the project directory and will not be watched
warn: File C:\Users\COIN-\OneDrive\Desktop\projects\workdeal-monorepo\packages\shared\dist\schemas\place.js is not in the project directory and will not be watched
warn: File C:\Users\COIN-\OneDrive\Desktop\projects\workdeal-monorepo\packages\shared\dist\schemas\business-hours.js is not in the project directory and will not be watched
warn: File C:\Users\COIN-\OneDrive\Desktop\projects\workdeal-monorepo\packages\shared\dist\schemas\file.js is not in the project directory and will not be watched
warn: File C:\Users\COIN-\OneDrive\Desktop\projects\workdeal-monorepo\packages\shared\dist\schemas\quote.js is not in the project directory and will not be watched
warn: File C:\Users\COIN-\OneDrive\Desktop\projects\workdeal-monorepo\packages\shared\dist\schemas\tag.js is not in the project directory and will not be watched
warn: File C:\Users\COIN-\OneDrive\Desktop\projects\workdeal-monorepo\packages\shared\dist\schemas\report.js is not in the project directory and will not be watched
warn: File C:\Users\COIN-\OneDrive\Desktop\projects\workdeal-monorepo\packages\shared\dist\schemas\verification.js is not in the project directory and will not be watched
warn: File C:\Users\COIN-\OneDrive\Desktop\projects\workdeal-monorepo\packages\shared\dist\schemas\review.js is not in the project directory and will not be watched
warn: File C:\Users\COIN-\OneDrive\Desktop\projects\workdeal-monorepo\packages\shared\dist\schemas\profile.js is not in the project directory and will not be watched
warn: File C:\Users\COIN-\OneDrive\Desktop\projects\workdeal-monorepo\packages\shared\dist\schemas\auth.js is not in the project directory and will not be watched
warn: File C:\Users\COIN-\OneDrive\Desktop\projects\workdeal-monorepo\packages\shared\dist\permissions.js is not in the project directory and will not be watched
warn: File C:\Users\COIN-\OneDrive\Desktop\projects\workdeal-monorepo\packages\shared\dist\types.js is not in the project directory and will not be watched
warn: File C:\Users\COIN-\OneDrive\Desktop\projects\workdeal-monorepo\packages\shared\dist\lib\phone.js is not in the project directory and will not be watched
warn: File C:\Users\COIN-\OneDrive\Desktop\projects\workdeal-monorepo\packages\shared\dist\lib\email-templates.js is not in the project directory and will not be watched
warn: File C:\Users\COIN-\OneDrive\Desktop\projects\workdeal-monorepo\packages\auth\dist\index.js is not in the project directory and will not be watched
warn: File C:\Users\COIN-\OneDrive\Desktop\projects\workdeal-monorepo\packages\shared\dist\lib\env.js is not in the project directory and will not be watched
warn: File C:\Users\COIN-\OneDrive\Desktop\projects\workdeal-monorepo\packages\shared\dist\lib\logger.js is not in the project directory and will not be watched
warn: File C:\Users\COIN-\OneDrive\Desktop\projects\workdeal-monorepo\packages\shared\dist\index.js is not in the project directory and will not be watched
warn: File C:\Users\COIN-\OneDrive\Desktop\projects\workdeal-monorepo\packages\auth\dist\server.js is not in the project directory and will not be watched
warn: File C:\Users\COIN-\OneDrive\Desktop\projects\workdeal-monorepo\packages\auth\dist\client.js is not in the project directory and will not be watched
warn: File C:\Users\COIN-\OneDrive\Desktop\projects\workdeal-monorepo\packages\auth\dist\env.js is not in the project directory and will not be watched
warn: File C:\Users\COIN-\OneDrive\Desktop\projects\workdeal-monorepo\packages\auth\dist\repository.js is not in the project directory and will not be watched
warn: File C:\Users\COIN-\OneDrive\Desktop\projects\workdeal-monorepo\packages\auth\dist\cookies.js is not in the project directory and will not be watched
warn: File C:\Users\COIN-\OneDrive\Desktop\projects\workdeal-monorepo\packages\auth\dist\session.js is not in the project directory and will not be watched
warn: File C:\Users\COIN-\OneDrive\Desktop\projects\workdeal-monorepo\packages\shared\dist\schemas\company.js is not in the project directory and will not be watched
warn: File C:\Users\COIN-\OneDrive\Desktop\projects\workdeal-monorepo\packages\shared\dist\lib\company-size.js is not in the project directory and will not be watched
warn: File C:\Users\COIN-\OneDrive\Desktop\projects\workdeal-monorepo\packages\shared\dist\lib\rate-limit.js is not in the project directory and will not be watched
warn: File C:\Users\COIN-\OneDrive\Desktop\projects\workdeal-monorepo\packages\db\dist\index.js is not in the project directory and will not be watched
warn: File C:\Users\COIN-\OneDrive\Desktop\projects\workdeal-monorepo\packages\shared\dist\types.js is not in the project directory and will not be watched
warn: File C:\Users\COIN-\OneDrive\Desktop\projects\workdeal-monorepo\packages\shared\dist\permissions.js is not in the project directory and will not be watched
warn: File C:\Users\COIN-\OneDrive\Desktop\projects\workdeal-monorepo\packages\shared\dist\schemas\auth.js is not in the project directory and will not be watched
warn: File C:\Users\COIN-\OneDrive\Desktop\projects\workdeal-monorepo\packages\shared\dist\schemas\profile.js is not in the project directory and will not be watched
warn: File C:\Users\COIN-\OneDrive\Desktop\projects\workdeal-monorepo\packages\shared\dist\schemas\review.js is not in the project directory and will not be watched
warn: File C:\Users\COIN-\OneDrive\Desktop\projects\workdeal-monorepo\packages\shared\dist\schemas\verification.js is not in the project directory and will not be watched
warn: File C:\Users\COIN-\OneDrive\Desktop\projects\workdeal-monorepo\packages\shared\dist\schemas\report.js is not in the project directory and will not be watched
warn: File C:\Users\COIN-\OneDrive\Desktop\projects\workdeal-monorepo\packages\shared\dist\schemas\tag.js is not in the project directory and will not be watched
warn: File C:\Users\COIN-\OneDrive\Desktop\projects\workdeal-monorepo\packages\shared\dist\schemas\quote.js is not in the project directory and will not be watched
warn: File C:\Users\COIN-\OneDrive\Desktop\projects\workdeal-monorepo\packages\shared\dist\lib\geo.js is not in the project directory and will not be watched
warn: File C:\Users\COIN-\OneDrive\Desktop\projects\workdeal-monorepo\packages\shared\dist\schemas\file.js is not in the project directory and will not be watched
warn: File C:\Users\COIN-\OneDrive\Desktop\projects\workdeal-monorepo\packages\shared\dist\schemas\onboarding.js is not in the project directory and will not be watched
warn: File C:\Users\COIN-\OneDrive\Desktop\projects\workdeal-monorepo\packages\shared\dist\schemas\place.js is not in the project directory and will not be watched
warn: File C:\Users\COIN-\OneDrive\Desktop\projects\workdeal-monorepo\packages\shared\dist\schemas\business-hours.js is not in the project directory and will not be watched
warn: File C:\Users\COIN-\OneDrive\Desktop\projects\workdeal-monorepo\packages\db\dist\schema.js is not in the project directory and will not be watched
warn: File C:\Users\COIN-\OneDrive\Desktop\projects\workdeal-monorepo\packages\db\dist\client.js is not in the project directory and will not be watched
warn: File C:\Users\COIN-\OneDrive\Desktop\projects\workdeal-monorepo\packages\shared\dist\lib\contact-verification.js is not in the project directory and will not be watched
warn: File C:\Users\COIN-\OneDrive\Desktop\projects\workdeal-monorepo\packages\shared\dist\lib\email-templates.js is not in the project directory and will not be watched
warn: File C:\Users\COIN-\OneDrive\Desktop\projects\workdeal-monorepo\packages\shared\dist\lib\phone.js is not in the project directory and will not be watched
{"level":"warn","message":"Rota não encontrada","timestamp":"2026-08-26T11:18:55.328Z","code":"NOT_FOUND","status":404,"requestId":"e61cdcb8-823a-437a-8580-7783d23f4a57"}
warn: File C:\Users\COIN-\OneDrive\Desktop\projects\workdeal-monorepo\packages\auth\dist\env.js is not in the project directory and will not be watched
warn: File C:\Users\COIN-\OneDrive\Desktop\projects\workdeal-monorepo\packages\auth\dist\repository.js is not in the project directory and will not be watched
warn: File C:\Users\COIN-\OneDrive\Desktop\projects\workdeal-monorepo\packages\auth\dist\cookies.js is not in the project directory and will not be watched
warn: File C:\Users\COIN-\OneDrive\Desktop\projects\workdeal-monorepo\packages\auth\dist\session.js is not in the project directory and will not be watched
warn: File C:\Users\COIN-\OneDrive\Desktop\projects\workdeal-monorepo\packages\auth\dist\client.js is not in the project directory and will not be watched
warn: File C:\Users\COIN-\OneDrive\Desktop\projects\workdeal-monorepo\packages\db\dist\index.js is not in the project directory and will not be watched
warn: File C:\Users\COIN-\OneDrive\Desktop\projects\workdeal-monorepo\packages\shared\dist\lib\company-size.js is not in the project directory and will not be watched
warn: File C:\Users\COIN-\OneDrive\Desktop\projects\workdeal-monorepo\packages\auth\dist\index.js is not in the project directory and will not be watched
warn: File C:\Users\COIN-\OneDrive\Desktop\projects\workdeal-monorepo\packages\shared\dist\lib\env.js is not in the project directory and will not be watched
warn: File C:\Users\COIN-\OneDrive\Desktop\projects\workdeal-monorepo\packages\shared\dist\lib\logger.js is not in the project directory and will not be watched
warn: File C:\Users\COIN-\OneDrive\Desktop\projects\workdeal-monorepo\packages\shared\dist\lib\rate-limit.js is not in the project directory and will not be watched
warn: File C:\Users\COIN-\OneDrive\Desktop\projects\workdeal-monorepo\packages\shared\dist\index.js is not in the project directory and will not be watched
warn: File C:\Users\COIN-\OneDrive\Desktop\projects\workdeal-monorepo\packages\auth\dist\server.js is not in the project directory and will not be watched
warn: File C:\Users\COIN-\OneDrive\Desktop\projects\workdeal-monorepo\packages\shared\dist\schemas\company.js is not in the project directory and will not be watched
warn: File C:\Users\COIN-\OneDrive\Desktop\projects\workdeal-monorepo\packages\shared\dist\types.js is not in the project directory and will not be watched
warn: File C:\Users\COIN-\OneDrive\Desktop\projects\workdeal-monorepo\packages\shared\dist\permissions.js is not in the project directory and will not be watched
warn: File C:\Users\COIN-\OneDrive\Desktop\projects\workdeal-monorepo\packages\shared\dist\schemas\profile.js is not in the project directory and will not be watched
warn: File C:\Users\COIN-\OneDrive\Desktop\projects\workdeal-monorepo\packages\shared\dist\schemas\auth.js is not in the project directory and will not be watched
warn: File C:\Users\COIN-\OneDrive\Desktop\projects\workdeal-monorepo\packages\shared\dist\schemas\review.js is not in the project directory and will not be watched
warn: File C:\Users\COIN-\OneDrive\Desktop\projects\workdeal-monorepo\packages\shared\dist\schemas\verification.js is not in the project directory and will not be watched
warn: File C:\Users\COIN-\OneDrive\Desktop\projects\workdeal-monorepo\packages\shared\dist\schemas\tag.js is not in the project directory and will not be watched
warn: File C:\Users\COIN-\OneDrive\Desktop\projects\workdeal-monorepo\packages\shared\dist\schemas\business-hours.js is not in the project directory and will not be watched
warn: File C:\Users\COIN-\OneDrive\Desktop\projects\workdeal-monorepo\packages\shared\dist\schemas\file.js is not in the project directory and will not be watched
warn: File C:\Users\COIN-\OneDrive\Desktop\projects\workdeal-monorepo\packages\shared\dist\schemas\report.js is not in the project directory and will not be watched
warn: File C:\Users\COIN-\OneDrive\Desktop\projects\workdeal-monorepo\packages\shared\dist\schemas\place.js is not in the project directory and will not be watched
warn: File C:\Users\COIN-\OneDrive\Desktop\projects\workdeal-monorepo\packages\shared\dist\lib\geo.js is not in the project directory and will not be watched
warn: File C:\Users\COIN-\OneDrive\Desktop\projects\workdeal-monorepo\packages\shared\dist\schemas\onboarding.js is not in the project directory and will not be watched
warn: File C:\Users\COIN-\OneDrive\Desktop\projects\workdeal-monorepo\packages\shared\dist\schemas\quote.js is not in the project directory and will not be watched
warn: File C:\Users\COIN-\OneDrive\Desktop\projects\workdeal-monorepo\packages\db\dist\schema.js is not in the project directory and will not be watched
warn: File C:\Users\COIN-\OneDrive\Desktop\projects\workdeal-monorepo\packages\db\dist\client.js is not in the project directory and will not be watched
warn: File C:\Users\COIN-\OneDrive\Desktop\projects\workdeal-monorepo\packages\shared\dist\lib\email-templates.js is not in the project directory and will not be watched
warn: File C:\Users\COIN-\OneDrive\Desktop\projects\workdeal-monorepo\packages\shared\dist\lib\contact-verification.js is not in the project directory and will not be watched
warn: File C:\Users\COIN-\OneDrive\Desktop\projects\workdeal-monorepo\packages\shared\dist\lib\phone.js is not in the project directory and will not be watched
